
Discarded input sections

 .text          0x00000000        0x0 build/obj/crt0.o
 .data          0x00000000        0x0 build/obj/crt0.o
 .bss           0x00000000        0x0 build/obj/crt0.o
 .text.__early_init
                0x00000000       0x10 build/obj/crt0.o
 .text          0x00000000        0x0 build/obj/vectors.o
 .data          0x00000000        0x0 build/obj/vectors.o
 .bss           0x00000000        0x0 build/obj/vectors.o
 .text          0x00000000        0x0 build/obj/chcore.o
 .data          0x00000000        0x0 build/obj/chcore.o
 .bss           0x00000000        0x0 build/obj/chcore.o
 .text.port_halt
                0x00000000       0x10 build/obj/chcore.o
 .debug_info    0x00000000       0x9a build/obj/chcore.o
 .debug_abbrev  0x00000000       0x44 build/obj/chcore.o
 .debug_aranges
                0x00000000       0x20 build/obj/chcore.o
 .debug_ranges  0x00000000       0x10 build/obj/chcore.o
 .debug_line    0x00000000       0x53 build/obj/chcore.o
 .debug_str     0x00000000      0x138 build/obj/chcore.o
 .comment       0x00000000       0x71 build/obj/chcore.o
 .ARM.attributes
                0x00000000       0x33 build/obj/chcore.o
 .debug_frame   0x00000000       0x20 build/obj/chcore.o
 .text          0x00000000        0x0 build/obj/chcore_v7m.o
 .data          0x00000000        0x0 build/obj/chcore_v7m.o
 .bss           0x00000000        0x0 build/obj/chcore_v7m.o
 .text          0x00000000        0x0 build/obj/nvic.o
 .data          0x00000000        0x0 build/obj/nvic.o
 .bss           0x00000000        0x0 build/obj/nvic.o
 .text.nvicDisableVector
                0x00000000       0x40 build/obj/nvic.o
 .text          0x00000000        0x0 build/obj/chsys.o
 .data          0x00000000        0x0 build/obj/chsys.o
 .bss           0x00000000        0x0 build/obj/chsys.o
 .text          0x00000000        0x0 build/obj/chdebug.o
 .data          0x00000000        0x0 build/obj/chdebug.o
 .bss           0x00000000        0x0 build/obj/chdebug.o
 .debug_info    0x00000000       0x79 build/obj/chdebug.o
 .debug_abbrev  0x00000000       0x26 build/obj/chdebug.o
 .debug_aranges
                0x00000000       0x18 build/obj/chdebug.o
 .debug_line    0x00000000       0x1d build/obj/chdebug.o
 .debug_str     0x00000000      0x129 build/obj/chdebug.o
 .comment       0x00000000       0x71 build/obj/chdebug.o
 .ARM.attributes
                0x00000000       0x33 build/obj/chdebug.o
 .text          0x00000000        0x0 build/obj/chlists.o
 .data          0x00000000        0x0 build/obj/chlists.o
 .bss           0x00000000        0x0 build/obj/chlists.o
 .debug_info    0x00000000       0x79 build/obj/chlists.o
 .debug_abbrev  0x00000000       0x26 build/obj/chlists.o
 .debug_aranges
                0x00000000       0x18 build/obj/chlists.o
 .debug_line    0x00000000       0x1d build/obj/chlists.o
 .debug_str     0x00000000      0x129 build/obj/chlists.o
 .comment       0x00000000       0x71 build/obj/chlists.o
 .ARM.attributes
                0x00000000       0x33 build/obj/chlists.o
 .text          0x00000000        0x0 build/obj/chvt.o
 .data          0x00000000        0x0 build/obj/chvt.o
 .bss           0x00000000        0x0 build/obj/chvt.o
 .text          0x00000000        0x0 build/obj/chschd.o
 .data          0x00000000        0x0 build/obj/chschd.o
 .bss           0x00000000        0x0 build/obj/chschd.o
 .text.chSchRescheduleS
                0x00000000       0x20 build/obj/chschd.o
 .text          0x00000000        0x0 build/obj/chthreads.o
 .data          0x00000000        0x0 build/obj/chthreads.o
 .bss           0x00000000        0x0 build/obj/chthreads.o
 .text.chThdSetPriority
                0x00000000       0x30 build/obj/chthreads.o
 .text.chThdResume
                0x00000000       0x20 build/obj/chthreads.o
 .text.chThdTerminate
                0x00000000       0x20 build/obj/chthreads.o
 .text.chThdSleepUntil
                0x00000000       0x30 build/obj/chthreads.o
 .text.chThdYield
                0x00000000       0x30 build/obj/chthreads.o
 .text.chThdWait
                0x00000000       0x40 build/obj/chthreads.o
 .text          0x00000000        0x0 build/obj/chdynamic.o
 .data          0x00000000        0x0 build/obj/chdynamic.o
 .bss           0x00000000        0x0 build/obj/chdynamic.o
 .text.chThdAddRef
                0x00000000       0x20 build/obj/chdynamic.o
 .text.chThdRelease
                0x00000000       0x50 build/obj/chdynamic.o
 .text.chThdCreateFromHeap
                0x00000000       0x40 build/obj/chdynamic.o
 .text.chThdCreateFromMemoryPool
                0x00000000       0x50 build/obj/chdynamic.o
 .debug_info    0x00000000      0x903 build/obj/chdynamic.o
 .debug_abbrev  0x00000000      0x23a build/obj/chdynamic.o
 .debug_loc     0x00000000      0x2fa build/obj/chdynamic.o
 .debug_aranges
[...]
Memory Configuration

Name             Origin             Length             Attributes
flash            0x08000000         0x00040000
ram              0x20000000         0x0000a000
ccmram           0x10000000         0x00002000
*default*        0x00000000         0xffffffff

Linker script and memory map

LOAD build/obj/crt0.o
LOAD build/obj/vectors.o
LOAD build/obj/chcore.o
LOAD build/obj/chcore_v7m.o
LOAD build/obj/nvic.o
LOAD build/obj/chsys.o
LOAD build/obj/chdebug.o
LOAD build/obj/chlists.o
LOAD build/obj/chvt.o
LOAD build/obj/chschd.o
LOAD build/obj/chthreads.o
LOAD build/obj/chdynamic.o
LOAD build/obj/chregistry.o
LOAD build/obj/chsem.o
LOAD build/obj/chmtx.o
LOAD build/obj/chcond.o
LOAD build/obj/chevents.o
LOAD build/obj/chmsg.o
LOAD build/obj/chmboxes.o
LOAD build/obj/chqueues.o
LOAD build/obj/chmemcore.o
LOAD build/obj/chheap.o
LOAD build/obj/chmempools.o
LOAD build/obj/test.o
LOAD build/obj/testthd.o
LOAD build/obj/testsem.o
LOAD build/obj/testmtx.o
LOAD build/obj/testmsg.o
LOAD build/obj/testmbox.o
LOAD build/obj/testevt.o
LOAD build/obj/testheap.o
LOAD build/obj/testpools.o
LOAD build/obj/testdyn.o
LOAD build/obj/testqueues.o
LOAD build/obj/testbmk.o
LOAD build/obj/hal.o
LOAD build/obj/adc.o
LOAD build/obj/can.o
LOAD build/obj/ext.o
LOAD build/obj/gpt.o
LOAD build/obj/i2c.o
LOAD build/obj/icu.o
LOAD build/obj/mac.o
LOAD build/obj/mmc_spi.o
LOAD build/obj/mmcsd.o
LOAD build/obj/pal.o
LOAD build/obj/pwm.o
LOAD build/obj/rtc.o
LOAD build/obj/sdc.o
LOAD build/obj/serial.o
LOAD build/obj/serial_usb.o
LOAD build/obj/spi.o
LOAD build/obj/tm.o
LOAD build/obj/uart.o
LOAD build/obj/usb.o
LOAD build/obj/stm32_dma.o
LOAD build/obj/hal_lld.o
LOAD build/obj/adc_lld.o
LOAD build/obj/ext_lld_isr.o
LOAD build/obj/can_lld.o
LOAD build/obj/ext_lld.o
LOAD build/obj/pal_lld.o
LOAD build/obj/i2c_lld.o
LOAD build/obj/rtc_lld.o
LOAD build/obj/spi_lld.o
LOAD build/obj/gpt_lld.o
LOAD build/obj/icu_lld.o
LOAD build/obj/pwm_lld.o
LOAD build/obj/serial_lld.o
LOAD build/obj/uart_lld.o
LOAD build/obj/usb_lld.o
LOAD build/obj/board.o
LOAD build/obj/main.o
                0x00000400                __main_stack_size__ = 0x400
                0x00000400                __process_stack_size__ = 0x400
                0x20000000                __ram_start__ = ORIGIN (ram)
                0x0000a000                __ram_size__ = 0xa000
                0x2000a000                __ram_end__ = (__ram_start__ + __ram_size__)
                0x00000000                . = 0x0
                0x00000000                _text = .

startup         0x08000000      0x188
 *(vectors)
 vectors        0x08000000      0x188 build/obj/vectors.o
                0x08000000                _vectors

constructors    0x08000188        0x0
                0x08000188                PROVIDE (__init_array_start, .)
 *(SORT(.init_array.*))
 *(.init_array)
                0x08000188                PROVIDE (__init_array_end, .)

destructors     0x08000188        0x0
                0x08000188                PROVIDE (__fini_array_start, .)
 *(.fini_array)
 *(SORT(.fini_array.*))
                0x08000188                PROVIDE (__fini_array_end, .)

.text           0x08000190     0x1be8
 *(.text.startup.*)
 .text.startup.main
                0x08000190       0xc0 build/obj/main.o
                0x08000190                main
 *(.text)
 *(.text.*)
 .text.__late_init
                0x08000250       0x10 build/obj/crt0.o
                0x08000250                __late_init
 .text._default_exit
                0x08000260       0x10 build/obj/crt0.o
                0x08000260                _default_exit
 .text.ResetHandler
                0x08000270      0x1d0 build/obj/crt0.o
                0x08000270                ResetHandler
 .text._unhandled_exception
                0x08000440       0x10 build/obj/vectors.o
                0x08000440                Vector58
                0x08000440                VectorE8
                0x08000440                Vector9C
                0x08000440                Vector5C
                0x08000440                NMIVector
                0x08000440                Vector11C
                0x08000440                Vector8C
                0x08000440                VectorDC
                0x08000440                Vector168
                0x08000440                Vector110
                0x08000440                Vector120
                0x08000440                VectorC8
                0x08000440                Vector94
                0x08000440                VectorA8
                0x08000440                Vector74
                0x08000440                Vector160
                0x08000440                VectorEC
                0x08000440                UsageFaultVector
                0x08000440                DebugMonitorVector
                0x08000440                Vector40
                0x08000440                VectorF8
                0x08000440                Vector108
                0x08000440                VectorBC
                0x08000440                Vector150
                0x08000440                Vector124
                0x08000440                Vector148
                0x08000440                PendSVVector
                0x08000440                Vector118
                0x08000440                Vector64
                0x08000440                VectorCC
                0x08000440                Vector54
                0x08000440                Vector98
                0x08000440                VectorD8
                0x08000440                Vector138
                0x08000440                Vector24
                0x08000440                Vector178
                0x08000440                Vector84
                0x08000440                BusFaultVector
                0x08000440                VectorD0
                0x08000440                Vector140
                0x08000440                VectorE4
                0x08000440                VectorC0
                0x08000440                Vector158
                0x08000440                Vector130
                0x08000440                HardFaultVector
                0x08000440                Vector134
                0x08000440                VectorF0
                0x08000440                Vector12C
                0x08000440                Vector13C
                0x08000440                Vector100
                0x08000440                VectorE0
                0x08000440                VectorF4
                0x08000440                MemManageVector
                0x08000440                Vector6C
                0x08000440                VectorA0
                0x08000440                VectorC4
                0x08000440                Vector7C
                0x08000440                Vector180
                0x08000440                VectorB0
                0x08000440                Vector90
                0x08000440                Vector114
                0x08000440                Vector164
                0x08000440                Vector60
                0x08000440                Vector1C
                0x08000440                Vector17C
                0x08000440                Vector48
                0x08000440                Vector16C
                0x08000440                Vector70
                0x08000440                Vector4C
                0x08000440                Vector144
                0x08000440                Vector80
                0x08000440                Vector15C
                0x08000440                Vector68
                0x08000440                Vector78
                0x08000440                _unhandled_exception
                0x08000440                Vector170
                0x08000440                Vector88
                0x08000440                Vector104
                0x08000440                Vector184
                0x08000440                Vector10C
                0x08000440                Vector14C
                0x08000440                Vector50
                0x08000440                Vector154
                0x08000440                Vector44
                0x08000440                Vector28
                0x08000440                VectorFC
                0x08000440                Vector34
                0x08000440                Vector128
                0x08000440                Vector20
                0x08000440                Vector174
 .text._port_switch_from_isr
                0x08000450       0x10 build/obj/chcore_v7m.o
                0x08000450                _port_switch_from_isr
 .text.SVCallVector
                0x08000460       0x20 build/obj/chcore_v7m.o
                0x08000460                SVCallVector
 .text._port_init
                0x08000480       0x40 build/obj/chcore_v7m.o
                0x08000480                _port_init
 .text._port_irq_epilogue
                0x080004c0       0x70 build/obj/chcore_v7m.o
                0x080004c0                _port_irq_epilogue
 .text.SysTickVector
                0x08000530       0x20 build/obj/chcore_v7m.o
                0x08000530                SysTickVector
 .text._port_switch
                0x08000550       0x10 build/obj/chcore_v7m.o
                0x08000550                _port_switch
 .text._port_thread_start
                0x08000560       0x10 build/obj/chcore_v7m.o
                0x08000560                _port_thread_start
 .text.nvicEnableVector
                0x08000570       0x50 build/obj/nvic.o
                0x08000570                nvicEnableVector
 .text.nvicSetSystemHandlerPriority
                0x080005c0       0x30 build/obj/nvic.o
                0x080005c0                nvicSetSystemHandlerPriority
 .text._idle_thread
                0x080005f0       0x20 build/obj/chsys.o
                0x080005f0                _idle_thread
 .text.chSysInit
                0x08000610       0x70 build/obj/chsys.o
                0x08000610                chSysInit
 .text.chSysTimerHandlerI
                0x08000680       0x60 build/obj/chsys.o
                0x08000680                chSysTimerHandlerI
 .text._vt_init
                0x080006e0       0x20 build/obj/chvt.o
                0x080006e0                _vt_init
 .text.chVTSetI
                0x08000700       0x40 build/obj/chvt.o
                0x08000700                chVTSetI
 .text.chVTResetI
                0x08000740       0x30 build/obj/chvt.o
                0x08000740                chVTResetI
 .text.wakeup   0x08000770       0x60 build/obj/chschd.o
 .text._scheduler_init
                0x080007d0       0x20 build/obj/chschd.o
                0x080007d0                _scheduler_init
 .text.chSchReadyI
                0x080007f0       0x20 build/obj/chschd.o
                0x080007f0                chSchReadyI
 .text.chSchGoSleepS
                0x08000810       0x30 build/obj/chschd.o
                0x08000810                chSchGoSleepS
 .text.chSchGoSleepTimeoutS
                0x08000840       0x40 build/obj/chschd.o
                0x08000840                chSchGoSleepTimeoutS
 .text.chSchWakeupS
                0x08000880       0x60 build/obj/chschd.o
                0x08000880                chSchWakeupS
 .text.chSchDoRescheduleBehind
                0x080008e0       0x40 build/obj/chschd.o
                0x080008e0                chSchDoRescheduleBehind
 .text.chSchDoRescheduleAhead
                0x08000920       0x40 build/obj/chschd.o
                0x08000920                chSchDoRescheduleAhead
 .text.chSchDoReschedule
                0x08000960       0x20 build/obj/chschd.o
                0x08000960                chSchDoReschedule
 .text._thread_init
                0x08000980       0x50 build/obj/chthreads.o
                0x08000980                _thread_init
 .text.chThdCreateI
                0x080009d0       0x70 build/obj/chthreads.o
                0x080009d0                chThdCreateI
 .text.chThdCreateStatic
                0x08000a40       0x30 build/obj/chthreads.o
                0x08000a40                chThdCreateStatic
 .text.chThdSleep
                0x08000a70       0x20 build/obj/chthreads.o
                0x08000a70                chThdSleep
 .text.chThdExitS
                0x08000a90       0x40 build/obj/chthreads.o
                0x08000a90                chThdExitS
 .text.chThdExit
                0x08000ad0       0x10 build/obj/chthreads.o
                0x08000ad0                chThdExit
 .text.chMtxInit
                0x08000ae0       0x10 build/obj/chmtx.o
                0x08000ae0                chMtxInit
 .text.chEvtSignalI
                0x08000af0       0x30 build/obj/chevents.o
                0x08000af0                chEvtSignalI
 .text.chEvtBroadcastFlagsI
                0x08000b20       0x20 build/obj/chevents.o
                0x08000b20                chEvtBroadcastFlagsI
 .text.qwait    0x08000b40       0x30 build/obj/chqueues.o
 .text.chIQInit
                0x08000b70       0x20 build/obj/chqueues.o
                0x08000b70                chIQInit
 .text.chIQPutI
                0x08000b90       0x50 build/obj/chqueues.o
                0x08000b90                chIQPutI
 .text.chIQGetTimeout
                0x08000be0       0x50 build/obj/chqueues.o
                0x08000be0                chIQGetTimeout
 .text.chIQReadTimeout
                0x08000c30       0x80 build/obj/chqueues.o
                0x08000c30                chIQReadTimeout
 .text.chOQInit
                0x08000cb0       0x20 build/obj/chqueues.o
                0x08000cb0                chOQInit
 .text.chOQPutTimeout
                0x08000cd0       0x50 build/obj/chqueues.o
                0x08000cd0                chOQPutTimeout
 .text.chOQGetI
                0x08000d20       0x50 build/obj/chqueues.o
                0x08000d20                chOQGetI
 .text.chOQWriteTimeout
                0x08000d70       0x80 build/obj/chqueues.o
                0x08000d70                chOQWriteTimeout
 .text._core_init
                0x08000df0       0x30 build/obj/chmemcore.o
                0x08000df0                _core_init
 .text.chCoreAlloc
                0x08000e20       0x40 build/obj/chmemcore.o
                0x08000e20                chCoreAlloc
 .text._heap_init
                0x08000e60       0x20 build/obj/chheap.o
                0x08000e60                _heap_init
 .text.halInit  0x08000e80       0x30 build/obj/hal.o
                0x08000e80                halInit
 .text.pwmInit  0x08000eb0       0x10 build/obj/pwm.o
                0x08000eb0                pwmInit
 .text.pwmObjectInit
                0x08000ec0       0x10 build/obj/pwm.o
                0x08000ec0                pwmObjectInit
 .text.pwmStart
                0x08000ed0       0x20 build/obj/pwm.o
                0x08000ed0                pwmStart
 .text.pwmEnableChannel
                0x08000ef0       0x20 build/obj/pwm.o
                0x08000ef0                pwmEnableChannel
 .text.readt    0x08000f10       0x10 build/obj/serial.o
 .text.read     0x08000f20       0x10 build/obj/serial.o
 .text.writet   0x08000f30       0x10 build/obj/serial.o
 .text.write    0x08000f40       0x10 build/obj/serial.o
 .text.gett     0x08000f50       0x10 build/obj/serial.o
 .text.get      0x08000f60       0x10 build/obj/serial.o
 .text.putt     0x08000f70       0x10 build/obj/serial.o
 .text.put      0x08000f80       0x10 build/obj/serial.o
 .text.sdInit   0x08000f90       0x10 build/obj/serial.o
                0x08000f90                sdInit
 .text.sdObjectInit
                0x08000fa0       0x50 build/obj/serial.o
                0x08000fa0                sdObjectInit
 .text.sdIncomingDataI
                0x08000ff0       0x40 build/obj/serial.o
                0x08000ff0                sdIncomingDataI
 .text.hal_lld_init
                0x08001030       0xc0 build/obj/hal_lld.o
                0x08001030                hal_lld_init
 .text.stm32_clock_init
                0x080010f0       0xc0 build/obj/hal_lld.o
                0x080010f0                stm32_clock_init
 .text._pal_lld_init
                0x080011b0      0x100 build/obj/pal_lld.o
                0x080011b0                _pal_lld_init
 .text._pal_lld_setgroupmode
                0x080012b0       0xd0 build/obj/pal_lld.o
                0x080012b0                _pal_lld_setgroupmode
 .text.pwm_lld_serve_interrupt
                0x08001380       0x70 build/obj/pwm_lld.o
 .text.VectorA4
                0x080013f0       0x30 build/obj/pwm_lld.o
                0x080013f0                VectorA4
 .text.VectorAC
                0x08001420       0x70 build/obj/pwm_lld.o
                0x08001420                VectorAC
 .text.VectorB4
                0x08001490       0x20 build/obj/pwm_lld.o
                0x08001490                VectorB4
 .text.VectorB8
                0x080014b0       0x20 build/obj/pwm_lld.o
                0x080014b0                VectorB8
 .text.pwm_lld_init
                0x080014d0       0x50 build/obj/pwm_lld.o
                0x080014d0                pwm_lld_init
 .text.pwm_lld_start
                0x08001520      0x190 build/obj/pwm_lld.o
                0x08001520                pwm_lld_start
 .text.pwm_lld_enable_channel
                0x080016b0       0x30 build/obj/pwm_lld.o
                0x080016b0                pwm_lld_enable_channel
 .text.notify1  0x080016e0       0x20 build/obj/serial_lld.o
 .text.VectorD4
                0x08001700       0xf0 build/obj/serial_lld.o
                0x08001700                VectorD4
 .text.sd_lld_init
                0x080017f0       0x30 build/obj/serial_lld.o
                0x080017f0                sd_lld_init
 .text.__early_init
                0x08001820       0x10 build/obj/board.o
                0x08001820                __early_init
 .text.boardInit
                0x08001830       0x10 build/obj/board.o
                0x08001830                boardInit
 .text.Thread5  0x08001840       0xd0 build/obj/main.o
 .text.Thread4  0x08001910       0xe0 build/obj/main.o
 .text.Thread3  0x080019f0       0xd0 build/obj/main.o
 .text.Thread2  0x08001ac0       0xd0 build/obj/main.o
 .text.Thread1  0x08001b90       0xc0 build/obj/main.o
 *(.rodata)
 *(.rodata.*)
 .rodata.str1.4
                0x08001c50        0x5 build/obj/chsys.o
                                  0x8 (size before relaxing)
 *fill*         0x08001c55        0xb 00
 .rodata.ch_debug
                0x08001c60       0x18 build/obj/chregistry.o
                0x08001c60                ch_debug
 *fill*         0x08001c78        0x8 00
 .rodata.vmt    0x08001c80       0x20 build/obj/serial.o
 .rodata.pal_default_config
                0x08001ca0       0xa8 build/obj/board.o
                0x08001ca0                pal_default_config
 *fill*         0x08001d48        0x8 00
 .rodata.str1.4
                0x08001d50       0x28 build/obj/main.o
 *(.glue_7t)
 .glue_7t       0x00000000        0x0 linker stubs
 *(.glue_7)
 .glue_7        0x00000000        0x0 linker stubs
 *(.gcc*)

.vfp11_veneer   0x08001d78        0x0
 .vfp11_veneer  0x00000000        0x0 linker stubs

.v4_bx          0x08001d78        0x0
 .v4_bx         0x00000000        0x0 linker stubs

.iplt           0x08001d78        0x0
 .iplt          0x00000000        0x0 build/obj/crt0.o

.rel.dyn        0x08001d78        0x0
 .rel.iplt      0x00000000        0x0 build/obj/crt0.o

.ARM.extab
 *(.ARM.extab* .gnu.linkonce.armextab.*)

.ARM.exidx      0x08001d78        0x0
                0x08001d78                PROVIDE (__exidx_start, .)
 *(.ARM.exidx* .gnu.linkonce.armexidx.*)
                0x08001d78                PROVIDE (__exidx_end, .)

.eh_frame_hdr
 *(.eh_frame_hdr)

.eh_frame
 *(.eh_frame)

.textalign      0x08001d78        0x0
                0x08001d78                . = ALIGN (0x8)
                0x08001d78                . = ALIGN (0x4)
                0x08001d78                _etext = .
                0x08001d78                _textdata = _etext

.stacks         0x20000000      0x800
                0x20000000                . = ALIGN (0x8)
                0x20000000                __main_stack_base__ = .
                0x20000400                . = (. + __main_stack_size__)
 *fill*         0x20000000      0x400 00
                0x20000400                . = ALIGN (0x8)
                0x20000400                __main_stack_end__ = .
                0x20000400                __process_stack_base__ = .
                0x20000400                __main_thread_stack_base__ = .
                0x20000800                . = (. + __process_stack_size__)
 *fill*         0x20000400      0x400 00
                0x20000800                . = ALIGN (0x8)
                0x20000800                __process_stack_end__ = .
                0x20000800                __main_thread_stack_end__ = .

.data           0x20000800       0x48 load address 0x08001d78
                0x20000800                . = ALIGN (0x4)
                0x20000800                PROVIDE (_data, .)
 *(.data)
                0x20000800                . = ALIGN (0x4)
 *(.data.*)
 .data.width.6295
                0x20000800        0x4 build/obj/main.o
 .data.width.6343
                0x20000804        0x4 build/obj/main.o
 .data.pwmcfg   0x20000808       0x34 build/obj/main.o
 .data.width.6307
                0x2000083c        0x4 build/obj/main.o
 .data.width.6319
                0x20000840        0x4 build/obj/main.o
 .data.width.6331
                0x20000844        0x4 build/obj/main.o
                0x20000848                . = ALIGN (0x4)
 *(.ramtext)
                0x20000848                . = ALIGN (0x4)
                0x20000848                PROVIDE (_edata, .)

.igot.plt       0x20000848        0x0 load address 0x08001dc0
 .igot.plt      0x00000000        0x0 build/obj/crt0.o

.bss            0x20000848      0x8e8 load address 0x08001dc0
                0x20000848                . = ALIGN (0x4)
                0x20000848                PROVIDE (_bss_start, .)
 *(.bss)
                0x20000848                . = ALIGN (0x4)
 *(.bss.*)
 .bss.mainthread.4773
                0x20000848       0x48 build/obj/chsys.o
 .bss._idle_thread_wa
                0x20000890       0xe0 build/obj/chsys.o
                0x20000890                _idle_thread_wa
 .bss.vtlist    0x20000970       0x10 build/obj/chvt.o
                0x20000970                vtlist
 .bss.rlist     0x20000980       0x1c build/obj/chschd.o
                0x20000980                rlist
 .bss.endmem    0x2000099c        0x4 build/obj/chmemcore.o
 .bss.nextmem   0x200009a0        0x4 build/obj/chmemcore.o
 *fill*         0x200009a4        0x4 00
 .bss.default_heap
                0x200009a8       0x20 build/obj/chheap.o
 .bss.PWMD1     0x200009c8       0x14 build/obj/pwm_lld.o
                0x200009c8                PWMD1
 .bss.PWMD3     0x200009dc       0x14 build/obj/pwm_lld.o
                0x200009dc                PWMD3
 .bss.PWMD4     0x200009f0       0x14 build/obj/pwm_lld.o
                0x200009f0                PWMD4
 .bss.SD1       0x20000a04       0x7c build/obj/serial_lld.o
                0x20000a04                SD1
 .bss.waThread1
                0x20000a80      0x150 build/obj/main.o
 .bss.dir.6329  0x20000bd0        0x4 build/obj/main.o
 *fill*         0x20000bd4        0x4 00
 .bss.waThread3
                0x20000bd8      0x150 build/obj/main.o
 .bss.dir.6341  0x20000d28        0x4 build/obj/main.o
 *fill*         0x20000d2c        0x4 00
 .bss.waThread5
                0x20000d30      0x150 build/obj/main.o
 .bss.dir.6293  0x20000e80        0x4 build/obj/main.o
 *fill*         0x20000e84        0x4 00
 .bss.waThread2
                0x20000e88      0x150 build/obj/main.o
 .bss.waThread4
                0x20000fd8      0x150 build/obj/main.o
 .bss.dir.6305  0x20001128        0x4 build/obj/main.o
 .bss.dir.6317  0x2000112c        0x4 build/obj/main.o
                0x20001130                . = ALIGN (0x4)
 *(COMMON)
                0x20001130                . = ALIGN (0x4)
                0x20001130                PROVIDE (_bss_end, .)
                0x20001130                PROVIDE (end, .)
                0x20001130                _end = .
                0x20001130                __heap_base__ = _end
                0x2000a000                __heap_end__ = __ram_end__
START GROUP
LOAD c:/chibistudio/tools/gnu tools arm embedded/4.7 2014q2/bin/../lib/gcc/arm-none-eabi/4.7.4/armv7e-m\libgcc.a
LOAD c:/chibistudio/tools/gnu tools arm embedded/4.7 2014q2/bin/../lib/gcc/arm-none-eabi/4.7.4/../../../../arm-none-eabi/lib/armv7e-m\libg.a
LOAD c:/chibistudio/tools/gnu tools arm embedded/4.7 2014q2/bin/../lib/gcc/arm-none-eabi/4.7.4/../../../../arm-none-eabi/lib/armv7e-m\libc.a
END GROUP
OUTPUT(build/ch.elf elf32-littlearm)

.debug_info     0x00000000     0xb801
 .debug_info    0x00000000      0x2a9 build/obj/crt0.o
 .debug_info    0x000002a9      0x1f0 build/obj/vectors.o
 .debug_info    0x00000499      0x89d build/obj/chcore_v7m.o
 .debug_info    0x00000d36      0x455 build/obj/nvic.o
 .debug_info    0x0000118b      0x8aa build/obj/chsys.o
 .debug_info    0x00001a35      0x21f build/obj/chvt.o
 .debug_info    0x00001c54      0x9eb build/obj/chschd.o
 .debug_info    0x0000263f      0xc4b build/obj/chthreads.o
 .debug_info    0x0000328a      0x684 build/obj/chregistry.o
 .debug_info    0x0000390e      0xa4c build/obj/chmtx.o
 .debug_info    0x0000435a      0xe36 build/obj/chevents.o
 .debug_info    0x00005190      0xc7d build/obj/chqueues.o
 .debug_info    0x00005e0d      0x22f build/obj/chmemcore.o
 .debug_info    0x0000603c      0x739 build/obj/chheap.o
 .debug_info    0x00006775      0x3b5 build/obj/hal.o
 .debug_info    0x00006b2a      0x6ec build/obj/pwm.o
 .debug_info    0x00007216     0x10f0 build/obj/serial.o
 .debug_info    0x00008306      0x44e build/obj/hal_lld.o
 .debug_info    0x00008754      0x599 build/obj/pal_lld.o
 .debug_info    0x00008ced      0x8c0 build/obj/pwm_lld.o
 .debug_info    0x000095ad     0x1057 build/obj/serial_lld.o
 .debug_info    0x0000a604      0x1e8 build/obj/board.o
 .debug_info    0x0000a7ec     0x1015 build/obj/main.o

.debug_abbrev   0x00000000     0x2f46
 .debug_abbrev  0x00000000       0xf4 build/obj/crt0.o
 .debug_abbrev  0x000000f4       0xb1 build/obj/vectors.o
 .debug_abbrev  0x000001a5      0x1fe build/obj/chcore_v7m.o
 .debug_abbrev  0x000003a3       0xf2 build/obj/nvic.o
 .debug_abbrev  0x00000495      0x220 build/obj/chsys.o
 .debug_abbrev  0x000006b5      0x133 build/obj/chvt.o
 .debug_abbrev  0x000007e8      0x340 build/obj/chschd.o
 .debug_abbrev  0x00000b28      0x368 build/obj/chthreads.o
 .debug_abbrev  0x00000e90      0x197 build/obj/chregistry.o
 .debug_abbrev  0x00001027      0x316 build/obj/chmtx.o
 .debug_abbrev  0x0000133d      0x359 build/obj/chevents.o
 .debug_abbrev  0x00001696      0x34c build/obj/chqueues.o
 .debug_abbrev  0x000019e2      0x16c build/obj/chmemcore.o
 .debug_abbrev  0x00001b4e      0x210 build/obj/chheap.o
 .debug_abbrev  0x00001d5e      0x1e4 build/obj/hal.o
 .debug_abbrev  0x00001f42      0x1b8 build/obj/pwm.o
 .debug_abbrev  0x000020fa      0x2d5 build/obj/serial.o
 .debug_abbrev  0x000023cf      0x10e build/obj/hal_lld.o
 .debug_abbrev  0x000024dd      0x1b4 build/obj/pal_lld.o
 .debug_abbrev  0x00002691      0x239 build/obj/pwm_lld.o
 .debug_abbrev  0x000028ca      0x339 build/obj/serial_lld.o
 .debug_abbrev  0x00002c03       0xe5 build/obj/board.o
 .debug_abbrev  0x00002ce8      0x25e build/obj/main.o

.debug_aranges  0x00000000      0x690
 .debug_aranges
                0x00000000       0x38 build/obj/crt0.o
 .debug_aranges
                0x00000038       0x20 build/obj/vectors.o
 .debug_aranges
                0x00000058       0x50 build/obj/chcore_v7m.o
 .debug_aranges
                0x000000a8       0x30 build/obj/nvic.o
 .debug_aranges
                0x000000d8       0x30 build/obj/chsys.o
 .debug_aranges
                0x00000108       0x30 build/obj/chvt.o
 .debug_aranges
                0x00000138       0x68 build/obj/chschd.o
 .debug_aranges
                0x000001a0       0x78 build/obj/chthreads.o
 .debug_aranges
                0x00000218       0x28 build/obj/chregistry.o
 .debug_aranges
                0x00000240       0x58 build/obj/chmtx.o
 .debug_aranges
                0x00000298       0xa0 build/obj/chevents.o
 .debug_aranges
                0x00000338       0x70 build/obj/chqueues.o
 .debug_aranges
                0x000003a8       0x38 build/obj/chmemcore.o
 .debug_aranges
                0x000003e0       0x40 build/obj/chheap.o
 .debug_aranges
                0x00000420       0x30 build/obj/hal.o
 .debug_aranges
                0x00000450       0x50 build/obj/pwm.o
 .debug_aranges
                0x000004a0       0x88 build/obj/serial.o
 .debug_aranges
                0x00000528       0x28 build/obj/hal_lld.o
 .debug_aranges
                0x00000550       0x28 build/obj/pal_lld.o
 .debug_aranges
                0x00000578       0x68 build/obj/pwm_lld.o
 .debug_aranges
                0x000005e0       0x40 build/obj/serial_lld.o
 .debug_aranges
                0x00000620       0x28 build/obj/board.o
 .debug_aranges
                0x00000648       0x48 build/obj/main.o

.debug_ranges   0x00000000      0xc20
 .debug_ranges  0x00000000       0xe0 build/obj/crt0.o
 .debug_ranges  0x000000e0       0x10 build/obj/vectors.o
 .debug_ranges  0x000000f0       0x58 build/obj/chcore_v7m.o
 .debug_ranges  0x00000148       0x20 build/obj/nvic.o
 .debug_ranges  0x00000168       0x20 build/obj/chsys.o
 .debug_ranges  0x00000188       0x20 build/obj/chvt.o
 .debug_ranges  0x000001a8      0x190 build/obj/chschd.o
 .debug_ranges  0x00000338       0xc8 build/obj/chthreads.o
 .debug_ranges  0x00000400       0x30 build/obj/chregistry.o
 .debug_ranges  0x00000430      0x228 build/obj/chmtx.o
 .debug_ranges  0x00000658       0xd8 build/obj/chevents.o
 .debug_ranges  0x00000730       0xd8 build/obj/chqueues.o
 .debug_ranges  0x00000808       0x28 build/obj/chmemcore.o
 .debug_ranges  0x00000830       0x30 build/obj/chheap.o
 .debug_ranges  0x00000860       0x50 build/obj/hal.o
 .debug_ranges  0x000008b0       0x70 build/obj/pwm.o
 .debug_ranges  0x00000920       0xa8 build/obj/serial.o
 .debug_ranges  0x000009c8       0x30 build/obj/hal_lld.o
 .debug_ranges  0x000009f8       0xf8 build/obj/pal_lld.o
 .debug_ranges  0x00000af0       0x58 build/obj/pwm_lld.o
 .debug_ranges  0x00000b48       0x88 build/obj/serial_lld.o
 .debug_ranges  0x00000bd0       0x18 build/obj/board.o
 .debug_ranges  0x00000be8       0x38 build/obj/main.o

.debug_line     0x00000000     0x38b9
 .debug_line    0x00000000      0x16e build/obj/crt0.o
 .debug_line    0x0000016e       0xe6 build/obj/vectors.o
 .debug_line    0x00000254      0x217 build/obj/chcore_v7m.o
 .debug_line    0x0000046b      0x125 build/obj/nvic.o
 .debug_line    0x00000590      0x237 build/obj/chsys.o
 .debug_line    0x000007c7      0x15a build/obj/chvt.o
 .debug_line    0x00000921      0x32b build/obj/chschd.o
 .debug_line    0x00000c4c      0x378 build/obj/chthreads.o
 .debug_line    0x00000fc4      0x20a build/obj/chregistry.o
 .debug_line    0x000011ce      0x364 build/obj/chmtx.o
 .debug_line    0x00001532      0x335 build/obj/chevents.o
 .debug_line    0x00001867      0x3cc build/obj/chqueues.o
 .debug_line    0x00001c33      0x192 build/obj/chmemcore.o
 .debug_line    0x00001dc5      0x2a5 build/obj/chheap.o
 .debug_line    0x0000206a      0x26b build/obj/hal.o
 .debug_line    0x000022d5      0x1e3 build/obj/pwm.o
 .debug_line    0x000024b8      0x3b0 build/obj/serial.o
 .debug_line    0x00002868      0x1d8 build/obj/hal_lld.o
 .debug_line    0x00002a40      0x1da build/obj/pal_lld.o
 .debug_line    0x00002c1a      0x359 build/obj/pwm_lld.o
 .debug_line    0x00002f73      0x375 build/obj/serial_lld.o
 .debug_line    0x000032e8      0x18b build/obj/board.o
 .debug_line    0x00003473      0x446 build/obj/main.o

.debug_str      0x00000000     0x173d
 .debug_str     0x00000000      0x206 build/obj/crt0.o
                                0x23a (size before relaxing)
 .debug_str     0x00000206      0x145 build/obj/vectors.o
                                0x265 (size before relaxing)
 .debug_str     0x0000034b      0x2e2 build/obj/chcore_v7m.o
                                0x40d (size before relaxing)
 .debug_str     0x0000062d       0x9e build/obj/nvic.o
                                0x237 (size before relaxing)
 .debug_str     0x000006cb      0x205 build/obj/chsys.o
                                0x4e5 (size before relaxing)
 .debug_str     0x000008d0       0x36 build/obj/chvt.o
                                0x1b8 (size before relaxing)
 .debug_str     0x00000906       0xd5 build/obj/chschd.o
                                0x41a (size before relaxing)
 .debug_str     0x000009db       0xd3 build/obj/chthreads.o
                                0x485 (size before relaxing)
 .debug_str     0x00000aae       0x42 build/obj/chregistry.o
                                0x408 (size before relaxing)
 .debug_str     0x00000af0       0x91 build/obj/chmtx.o
                                0x39f (size before relaxing)
 .debug_str     0x00000b81      0x1b9 build/obj/chevents.o
                                0x4c3 (size before relaxing)
 .debug_str     0x00000d3a      0x126 build/obj/chqueues.o
                                0x42a (size before relaxing)
 .debug_str     0x00000e60       0x70 build/obj/chmemcore.o
                                0x1a3 (size before relaxing)
 .debug_str     0x00000ed0       0xb3 build/obj/chheap.o
                                0x383 (size before relaxing)
 .debug_str     0x00000f83      0x159 build/obj/hal.o
                                0x28a (size before relaxing)
 .debug_str     0x000010dc      0x1b6 build/obj/pwm.o
                                0x312 (size before relaxing)
 .debug_str     0x00001292      0x160 build/obj/serial.o
                                0x58e (size before relaxing)
 .debug_str     0x000013f2      0x12e build/obj/hal_lld.o
                                0x2b9 (size before relaxing)
 .debug_str     0x00001520       0xc9 build/obj/pal_lld.o
                                0x2d9 (size before relaxing)
 .debug_str     0x000015e9       0x80 build/obj/pwm_lld.o
                                0x3b8 (size before relaxing)
 .debug_str     0x00001669       0x65 build/obj/serial_lld.o
                                0x5b7 (size before relaxing)
 .debug_str     0x000016ce       0x2a build/obj/board.o
                                0x1fa (size before relaxing)
 .debug_str     0x000016f8       0x45 build/obj/main.o
                                0x536 (size before relaxing)

.comment        0x00000000       0x70
 .comment       0x00000000       0x70 build/obj/crt0.o
                                 0x71 (size before relaxing)
 .comment       0x00000000       0x71 build/obj/vectors.o
 .comment       0x00000000       0x71 build/obj/chcore_v7m.o
 .comment       0x00000000       0x71 build/obj/nvic.o
 .comment       0x00000000       0x71 build/obj/chsys.o
 .comment       0x00000000       0x71 build/obj/chvt.o
 .comment       0x00000000       0x71 build/obj/chschd.o
 .comment       0x00000000       0x71 build/obj/chthreads.o
 .comment       0x00000000       0x71 build/obj/chregistry.o
 .comment       0x00000000       0x71 build/obj/chmtx.o
 .comment       0x00000000       0x71 build/obj/chevents.o
 .comment       0x00000000       0x71 build/obj/chqueues.o
 .comment       0x00000000       0x71 build/obj/chmemcore.o
 .comment       0x00000000       0x71 build/obj/chheap.o
 .comment       0x00000000       0x71 build/obj/hal.o
 .comment       0x00000000       0x71 build/obj/pwm.o
 .comment       0x00000000       0x71 build/obj/serial.o
 .comment       0x00000000       0x71 build/obj/hal_lld.o
 .comment       0x00000000       0x71 build/obj/pal_lld.o
 .comment       0x00000000       0x71 build/obj/pwm_lld.o
 .comment       0x00000000       0x71 build/obj/serial_lld.o
 .comment       0x00000000       0x71 build/obj/board.o
 .comment       0x00000000       0x71 build/obj/main.o

.ARM.attributes
                0x00000000       0x33
 .ARM.attributes
                0x00000000       0x33 build/obj/crt0.o
 .ARM.attributes
                0x00000033       0x33 build/obj/vectors.o
 .ARM.attributes
                0x00000066       0x33 build/obj/chcore_v7m.o
 .ARM.attributes
                0x00000099       0x33 build/obj/nvic.o
 .ARM.attributes
                0x000000cc       0x33 build/obj/chsys.o
 .ARM.attributes
                0x000000ff       0x33 build/obj/chvt.o
 .ARM.attributes
                0x00000132       0x33 build/obj/chschd.o
 .ARM.attributes
                0x00000165       0x33 build/obj/chthreads.o
 .ARM.attributes
                0x00000198       0x33 build/obj/chregistry.o
 .ARM.attributes
                0x000001cb       0x33 build/obj/chmtx.o
 .ARM.attributes
                0x000001fe       0x33 build/obj/chevents.o
 .ARM.attributes
                0x00000231       0x33 build/obj/chqueues.o
 .ARM.attributes
                0x00000264       0x33 build/obj/chmemcore.o
 .ARM.attributes
                0x00000297       0x33 build/obj/chheap.o
 .ARM.attributes
                0x000002ca       0x33 build/obj/hal.o
 .ARM.attributes
                0x000002fd       0x33 build/obj/pwm.o
 .ARM.attributes
                0x00000330       0x33 build/obj/serial.o
 .ARM.attributes
                0x00000363       0x33 build/obj/hal_lld.o
 .ARM.attributes
                0x00000396       0x33 build/obj/pal_lld.o
 .ARM.attributes
                0x000003c9       0x33 build/obj/pwm_lld.o
 .ARM.attributes
                0x000003fc       0x33 build/obj/serial_lld.o
 .ARM.attributes
                0x0000042f       0x33 build/obj/board.o
 .ARM.attributes
                0x00000462       0x33 build/obj/main.o

.debug_frame    0x00000000      0xf70
 .debug_frame   0x00000000       0x50 build/obj/crt0.o
 .debug_frame   0x00000050       0x20 build/obj/vectors.o
 .debug_frame   0x00000070       0x98 build/obj/chcore_v7m.o
 .debug_frame   0x00000108       0x64 build/obj/nvic.o
 .debug_frame   0x0000016c       0x5c build/obj/chsys.o
 .debug_frame   0x000001c8       0x4c build/obj/chvt.o
 .debug_frame   0x00000214       0xf0 build/obj/chschd.o
 .debug_frame   0x00000304      0x160 build/obj/chthreads.o
 .debug_frame   0x00000464       0x3c build/obj/chregistry.o
 .debug_frame   0x000004a0       0xe4 build/obj/chmtx.o
 .debug_frame   0x00000584      0x1e0 build/obj/chevents.o
 .debug_frame   0x00000764      0x170 build/obj/chqueues.o
 .debug_frame   0x000008d4       0x50 build/obj/chmemcore.o
 .debug_frame   0x00000924       0x98 build/obj/chheap.o
 .debug_frame   0x000009bc       0x4c build/obj/hal.o
 .debug_frame   0x00000a08       0xb0 build/obj/pwm.o
 .debug_frame   0x00000ab8      0x13c build/obj/serial.o
 .debug_frame   0x00000bf4       0x3c build/obj/hal_lld.o
 .debug_frame   0x00000c30       0x4c build/obj/pal_lld.o
 .debug_frame   0x00000c7c      0x124 build/obj/pwm_lld.o
 .debug_frame   0x00000da0       0x94 build/obj/serial_lld.o
 .debug_frame   0x00000e34       0x30 build/obj/board.o
 .debug_frame   0x00000e64      0x10c build/obj/main.o

.debug_loc      0x00000000     0x3de0
 .debug_loc     0x00000000      0x10c build/obj/chcore_v7m.o
 .debug_loc     0x0000010c      0x1ca build/obj/nvic.o
 .debug_loc     0x000002d6       0xe2 build/obj/chsys.o
 .debug_loc     0x000003b8       0xb8 build/obj/chvt.o
 .debug_loc     0x00000470      0x33e build/obj/chschd.o
 .debug_loc     0x000007ae      0x519 build/obj/chthreads.o
 .debug_loc     0x00000cc7       0xb7 build/obj/chregistry.o
 .debug_loc     0x00000d7e      0x4c2 build/obj/chmtx.o
 .debug_loc     0x00001240      0x905 build/obj/chevents.o
 .debug_loc     0x00001b45      0x8cf build/obj/chqueues.o
 .debug_loc     0x00002414      0x114 build/obj/chmemcore.o
 .debug_loc     0x00002528      0x318 build/obj/chheap.o
 .debug_loc     0x00002840       0xa7 build/obj/hal.o
 .debug_loc     0x000028e7      0x28f build/obj/pwm.o
 .debug_loc     0x00002b76      0x587 build/obj/serial.o
 .debug_loc     0x000030fd       0x20 build/obj/hal_lld.o
 .debug_loc     0x0000311d      0x272 build/obj/pal_lld.o
 .debug_loc     0x0000338f      0x423 build/obj/pwm_lld.o
 .debug_loc     0x000037b2      0x3d4 build/obj/serial_lld.o
 .debug_loc     0x00003b86      0x25a build/obj/main.o

Cross Reference Table

Symbol                                            File
BusFaultVector                                    build/obj/vectors.o
DebugMonitorVector                                build/obj/vectors.o
HardFaultVector                                   build/obj/vectors.o
MemManageVector                                   build/obj/vectors.o
NMIVector                                         build/obj/vectors.o
PWMD1                                             build/obj/pwm_lld.o
PWMD3                                             build/obj/pwm_lld.o
                                                  build/obj/main.o
PWMD4                                             build/obj/pwm_lld.o
                                                  build/obj/main.o
PendSVVector                                      build/obj/vectors.o
ResetHandler                                      build/obj/crt0.o
                                                  build/obj/vectors.o
SD1                                               build/obj/serial_lld.o
SVCallVector                                      build/obj/chcore_v7m.o
                                                  build/obj/vectors.o
SysTickVector                                     build/obj/chcore_v7m.o
                                                  build/obj/vectors.o
TestThread                                        build/obj/test.o
UsageFaultVector                                  build/obj/vectors.o
Vector100                                         build/obj/vectors.o
Vector104                                         build/obj/vectors.o
Vector108                                         build/obj/vectors.o
Vector10C                                         build/obj/vectors.o
Vector110                                         build/obj/vectors.o
Vector114                                         build/obj/vectors.o
Vector118                                         build/obj/vectors.o
Vector11C                                         build/obj/vectors.o
Vector120                                         build/obj/vectors.o
Vector124                                         build/obj/vectors.o
Vector128                                         build/obj/vectors.o
Vector12C                                         build/obj/vectors.o
Vector130                                         build/obj/vectors.o
Vector134                                         build/obj/vectors.o
Vector138                                         build/obj/vectors.o
Vector13C                                         build/obj/vectors.o
Vector140                                         build/obj/vectors.o
Vector144                                         build/obj/vectors.o
Vector148                                         build/obj/vectors.o
Vector14C                                         build/obj/vectors.o
Vector150                                         build/obj/vectors.o
Vector154                                         build/obj/vectors.o
Vector158                                         build/obj/vectors.o
Vector15C                                         build/obj/vectors.o
Vector160                                         build/obj/vectors.o
Vector164                                         build/obj/vectors.o
Vector168                                         build/obj/vectors.o
Vector16C                                         build/obj/vectors.o
Vector170                                         build/obj/vectors.o
Vector174                                         build/obj/vectors.o
Vector178                                         build/obj/vectors.o
Vector17C                                         build/obj/vectors.o
Vector180                                         build/obj/vectors.o
Vector184                                         build/obj/vectors.o
Vector1C                                          build/obj/vectors.o
Vector20                                          build/obj/vectors.o
Vector24                                          build/obj/vectors.o
Vector28                                          build/obj/vectors.o
Vector34                                          build/obj/vectors.o
Vector40                                          build/obj/vectors.o
Vector44                                          build/obj/vectors.o
Vector48                                          build/obj/vectors.o
Vector4C                                          build/obj/vectors.o
Vector50                                          build/obj/vectors.o
Vector54                                          build/obj/vectors.o
Vector58                                          build/obj/vectors.o
Vector5C                                          build/obj/vectors.o
Vector60                                          build/obj/vectors.o
Vector64                                          build/obj/vectors.o
Vector68                                          build/obj/vectors.o
Vector6C                                          build/obj/vectors.o
Vector70                                          build/obj/vectors.o
Vector74                                          build/obj/vectors.o
Vector78                                          build/obj/vectors.o
Vector7C                                          build/obj/vectors.o
Vector80                                          build/obj/vectors.o
Vector84                                          build/obj/vectors.o
Vector88                                          build/obj/vectors.o
Vector8C                                          build/obj/vectors.o
Vector90                                          build/obj/vectors.o
Vector94                                          build/obj/vectors.o
Vector98                                          build/obj/vectors.o
Vector9C                                          build/obj/vectors.o
VectorA0                                          build/obj/vectors.o
VectorA4                                          build/obj/pwm_lld.o
                                                  build/obj/vectors.o
VectorA8                                          build/obj/vectors.o
VectorAC                                          build/obj/pwm_lld.o
                                                  build/obj/vectors.o
VectorB0                                          build/obj/vectors.o
VectorB4                                          build/obj/pwm_lld.o
                                                  build/obj/vectors.o
VectorB8                                          build/obj/pwm_lld.o
                                                  build/obj/vectors.o
VectorBC                                          build/obj/vectors.o
VectorC0                                          build/obj/vectors.o
VectorC4                                          build/obj/vectors.o
VectorC8                                          build/obj/vectors.o
VectorCC                                          build/obj/vectors.o
VectorD0                                          build/obj/vectors.o
VectorD4                                          build/obj/serial_lld.o
                                                  build/obj/vectors.o
VectorD8                                          build/obj/vectors.o
VectorDC                                          build/obj/vectors.o
VectorE0                                          build/obj/vectors.o
VectorE4                                          build/obj/vectors.o
VectorE8                                          build/obj/vectors.o
VectorEC                                          build/obj/vectors.o
VectorF0                                          build/obj/vectors.o
VectorF4                                          build/obj/vectors.o
VectorF8                                          build/obj/vectors.o
VectorFC                                          build/obj/vectors.o
__early_init                                      build/obj/board.o
                                                  build/obj/crt0.o
__fini_array_end                                  build/obj/crt0.o
__fini_array_start                                build/obj/crt0.o
__heap_base__                                     build/obj/chmemcore.o
__heap_end__                                      build/obj/chmemcore.o
__init_array_end                                  build/obj/crt0.o
__init_array_start                                build/obj/crt0.o
__late_init                                       build/obj/crt0.o
__main_stack_base__                               build/obj/crt0.o
__main_stack_end__                                build/obj/vectors.o
                                                  build/obj/crt0.o
__process_stack_base__                            build/obj/crt0.o
__process_stack_end__                             build/obj/crt0.o
_bss_end                                          build/obj/crt0.o
_bss_start                                        build/obj/crt0.o
_core_init                                        build/obj/chmemcore.o
                                                  build/obj/chsys.o
_data                                             build/obj/crt0.o
_default_exit                                     build/obj/crt0.o
_edata                                            build/obj/crt0.o
_heap_init                                        build/obj/chheap.o
                                                  build/obj/chsys.o
_idle_thread                                      build/obj/chsys.o
_idle_thread_wa                                   build/obj/chsys.o
_pal_lld_init                                     build/obj/pal_lld.o
                                                  build/obj/hal.o
_pal_lld_setgroupmode                             build/obj/pal_lld.o
                                                  build/obj/main.o
                                                  build/obj/pal.o
_port_init                                        build/obj/chcore_v7m.o
                                                  build/obj/chsys.o
_port_irq_epilogue                                build/obj/chcore_v7m.o
                                                  build/obj/serial_lld.o
                                                  build/obj/pwm_lld.o
_port_switch                                      build/obj/chcore_v7m.o
                                                  build/obj/chschd.o
_port_switch_from_isr                             build/obj/chcore_v7m.o
_port_thread_start                                build/obj/chcore_v7m.o
                                                  build/obj/chthreads.o
_scheduler_init                                   build/obj/chschd.o
                                                  build/obj/chsys.o
_test_assert                                      build/obj/test.o
                                                  build/obj/testqueues.o
                                                  build/obj/testdyn.o
                                                  build/obj/testpools.o
                                                  build/obj/testheap.o
                                                  build/obj/testevt.o
                                                  build/obj/testmbox.o
                                                  build/obj/testmtx.o
                                                  build/obj/testsem.o
                                                  build/obj/testthd.o
_test_assert_sequence                             build/obj/test.o
                                                  build/obj/testqueues.o
                                                  build/obj/testdyn.o
                                                  build/obj/testevt.o
                                                  build/obj/testmbox.o
                                                  build/obj/testmsg.o
                                                  build/obj/testmtx.o
                                                  build/obj/testsem.o
                                                  build/obj/testthd.o
_test_assert_time_window                          build/obj/test.o
                                                  build/obj/testevt.o
                                                  build/obj/testmtx.o
                                                  build/obj/testsem.o
                                                  build/obj/testthd.o
_test_fail                                        build/obj/test.o
_textdata                                         build/obj/crt0.o
_thread_init                                      build/obj/chthreads.o
                                                  build/obj/chsys.o
_unhandled_exception                              build/obj/vectors.o
_vectors                                          build/obj/vectors.o
_vt_init                                          build/obj/chvt.o
                                                  build/obj/chsys.o
boardInit                                         build/obj/board.o
                                                  build/obj/hal.o
chCondBroadcast                                   build/obj/chcond.o
                                                  build/obj/testmtx.o
chCondBroadcastI                                  build/obj/chcond.o
chCondInit                                        build/obj/chcond.o
                                                  build/obj/testmtx.o
chCondSignal                                      build/obj/chcond.o
                                                  build/obj/testmtx.o
chCondSignalI                                     build/obj/chcond.o
                                                  build/obj/testmtx.o
chCondWait                                        build/obj/chcond.o
                                                  build/obj/testmtx.o
chCondWaitS                                       build/obj/chcond.o
chCondWaitTimeout                                 build/obj/chcond.o
                                                  build/obj/testmtx.o
chCondWaitTimeoutS                                build/obj/chcond.o
chCoreAlloc                                       build/obj/chmemcore.o
                                                  build/obj/chheap.o
chCoreAllocI                                      build/obj/chmemcore.o
chCoreStatus                                      build/obj/chmemcore.o
                                                  build/obj/testheap.o
chEvtAddEvents                                    build/obj/chevents.o
                                                  build/obj/testevt.o
chEvtBroadcastFlags                               build/obj/chevents.o
                                                  build/obj/testevt.o
chEvtBroadcastFlagsI                              build/obj/chevents.o
                                                  build/obj/serial_lld.o
                                                  build/obj/serial.o
chEvtDispatch                                     build/obj/chevents.o
                                                  build/obj/testevt.o
chEvtGetAndClearEvents                            build/obj/chevents.o
                                                  build/obj/testevt.o
chEvtGetAndClearFlags                             build/obj/chevents.o
chEvtGetAndClearFlagsI                            build/obj/chevents.o
chEvtRegisterMask                                 build/obj/chevents.o
                                                  build/obj/testevt.o
chEvtSignal                                       build/obj/chevents.o
                                                  build/obj/testevt.o
chEvtSignalI                                      build/obj/chevents.o
chEvtUnregister                                   build/obj/chevents.o
                                                  build/obj/testevt.o
chEvtWaitAll                                      build/obj/chevents.o
                                                  build/obj/testevt.o
chEvtWaitAllTimeout                               build/obj/chevents.o
                                                  build/obj/testevt.o
chEvtWaitAny                                      build/obj/chevents.o
                                                  build/obj/testevt.o
chEvtWaitAnyTimeout                               build/obj/chevents.o
                                                  build/obj/testevt.o
chEvtWaitOne                                      build/obj/chevents.o
                                                  build/obj/testevt.o
chEvtWaitOneTimeout                               build/obj/chevents.o
                                                  build/obj/testevt.o
chHeapAlloc                                       build/obj/chheap.o
                                                  build/obj/testdyn.o
                                                  build/obj/testheap.o
                                                  build/obj/chdynamic.o
chHeapFree                                        build/obj/chheap.o
                                                  build/obj/testdyn.o
                                                  build/obj/testheap.o
                                                  build/obj/chdynamic.o
chHeapInit                                        build/obj/chheap.o
                                                  build/obj/testdyn.o
                                                  build/obj/testheap.o
chHeapStatus                                      build/obj/chheap.o
                                                  build/obj/testdyn.o
                                                  build/obj/testheap.o
chIQGetTimeout                                    build/obj/chqueues.o
                                                  build/obj/serial.o
                                                  build/obj/testbmk.o
                                                  build/obj/testqueues.o
chIQInit                                          build/obj/chqueues.o
                                                  build/obj/serial.o
                                                  build/obj/testbmk.o
                                                  build/obj/testqueues.o
chIQPutI                                          build/obj/chqueues.o
                                                  build/obj/serial.o
                                                  build/obj/testbmk.o
                                                  build/obj/testqueues.o
chIQReadTimeout                                   build/obj/chqueues.o
                                                  build/obj/serial.o
                                                  build/obj/testqueues.o
chIQResetI                                        build/obj/chqueues.o
                                                  build/obj/serial.o
                                                  build/obj/testqueues.o
chMBFetch                                         build/obj/chmboxes.o
                                                  build/obj/testmbox.o
chMBFetchI                                        build/obj/chmboxes.o
                                                  build/obj/testmbox.o
chMBFetchS                                        build/obj/chmboxes.o
chMBInit                                          build/obj/chmboxes.o
                                                  build/obj/testmbox.o
chMBPost                                          build/obj/chmboxes.o
                                                  build/obj/testmbox.o
chMBPostAhead                                     build/obj/chmboxes.o
                                                  build/obj/testmbox.o
chMBPostAheadI                                    build/obj/chmboxes.o
                                                  build/obj/testmbox.o
chMBPostAheadS                                    build/obj/chmboxes.o
chMBPostI                                         build/obj/chmboxes.o
                                                  build/obj/testmbox.o
chMBPostS                                         build/obj/chmboxes.o
chMBReset                                         build/obj/chmboxes.o
                                                  build/obj/testmbox.o
chMsgRelease                                      build/obj/chmsg.o
                                                  build/obj/testbmk.o
                                                  build/obj/testmsg.o
chMsgSend                                         build/obj/chmsg.o
                                                  build/obj/testbmk.o
                                                  build/obj/testmsg.o
chMsgWait                                         build/obj/chmsg.o
                                                  build/obj/testbmk.o
                                                  build/obj/testmsg.o
chMtxInit                                         build/obj/chmtx.o
                                                  build/obj/testbmk.o
                                                  build/obj/testmtx.o
                                                  build/obj/chheap.o
chMtxLock                                         build/obj/chmtx.o
                                                  build/obj/testbmk.o
                                                  build/obj/testmtx.o
                                                  build/obj/chheap.o
chMtxLockS                                        build/obj/chmtx.o
                                                  build/obj/chcond.o
chMtxTryLock                                      build/obj/chmtx.o
                                                  build/obj/testmtx.o
chMtxTryLockS                                     build/obj/chmtx.o
chMtxUnlock                                       build/obj/chmtx.o
                                                  build/obj/testbmk.o
                                                  build/obj/testmtx.o
                                                  build/obj/chheap.o
chMtxUnlockAll                                    build/obj/chmtx.o
                                                  build/obj/testmtx.o
chMtxUnlockS                                      build/obj/chmtx.o
                                                  build/obj/testmtx.o
                                                  build/obj/chcond.o
chOQGetI                                          build/obj/chqueues.o
                                                  build/obj/serial_lld.o
                                                  build/obj/serial.o
                                                  build/obj/testqueues.o
chOQInit                                          build/obj/chqueues.o
                                                  build/obj/serial.o
                                                  build/obj/testqueues.o
chOQPutTimeout                                    build/obj/chqueues.o
                                                  build/obj/serial.o
                                                  build/obj/testqueues.o
chOQResetI                                        build/obj/chqueues.o
                                                  build/obj/serial.o
                                                  build/obj/testqueues.o
chOQWriteTimeout                                  build/obj/chqueues.o
                                                  build/obj/serial.o
                                                  build/obj/testqueues.o
chPoolAlloc                                       build/obj/chmempools.o
                                                  build/obj/testdyn.o
                                                  build/obj/testpools.o
                                                  build/obj/chdynamic.o
chPoolAllocI                                      build/obj/chmempools.o
chPoolFree                                        build/obj/chmempools.o
                                                  build/obj/testdyn.o
                                                  build/obj/testpools.o
                                                  build/obj/chdynamic.o
chPoolFreeI                                       build/obj/chmempools.o
chPoolInit                                        build/obj/chmempools.o
                                                  build/obj/testdyn.o
                                                  build/obj/testpools.o
chPoolLoadArray                                   build/obj/chmempools.o
                                                  build/obj/testpools.o
chRegFirstThread                                  build/obj/chregistry.o
                                                  build/obj/testdyn.o
chRegNextThread                                   build/obj/chregistry.o
                                                  build/obj/testdyn.o
chSchDoReschedule                                 build/obj/chschd.o
                                                  build/obj/chcore_v7m.o
chSchDoRescheduleAhead                            build/obj/chschd.o
chSchDoRescheduleBehind                           build/obj/chschd.o
                                                  build/obj/chthreads.o
chSchGoSleepS                                     build/obj/chschd.o
                                                  build/obj/testbmk.o
                                                  build/obj/chmsg.o
                                                  build/obj/chevents.o
                                                  build/obj/chcond.o
                                                  build/obj/chmtx.o
                                                  build/obj/chsem.o
                                                  build/obj/chthreads.o
chSchGoSleepTimeoutS                              build/obj/chschd.o
                                                  build/obj/chqueues.o
                                                  build/obj/chevents.o
                                                  build/obj/chcond.o
                                                  build/obj/chsem.o
                                                  build/obj/chthreads.o
chSchReadyI                                       build/obj/chschd.o
                                                  build/obj/chqueues.o
                                                  build/obj/chmsg.o
                                                  build/obj/chevents.o
                                                  build/obj/chcond.o
                                                  build/obj/chmtx.o
                                                  build/obj/chsem.o
                                                  build/obj/chthreads.o
chSchRescheduleS                                  build/obj/chschd.o
                                                  build/obj/serial.o
                                                  build/obj/testmtx.o
                                                  build/obj/testsem.o
                                                  build/obj/chmboxes.o
                                                  build/obj/chevents.o
                                                  build/obj/chcond.o
                                                  build/obj/chmtx.o
                                                  build/obj/chsem.o
                                                  build/obj/chthreads.o
chSchWakeupS                                      build/obj/chschd.o
                                                  build/obj/testbmk.o
                                                  build/obj/chmsg.o
                                                  build/obj/chcond.o
                                                  build/obj/chmtx.o
                                                  build/obj/chsem.o
                                                  build/obj/chdynamic.o
                                                  build/obj/chthreads.o
chSemAddCounterI                                  build/obj/chsem.o
                                                  build/obj/testsem.o
chSemInit                                         build/obj/chsem.o
                                                  build/obj/testbmk.o
                                                  build/obj/testsem.o
                                                  build/obj/chmboxes.o
chSemReset                                        build/obj/chsem.o
                                                  build/obj/testbmk.o
                                                  build/obj/testsem.o
chSemResetI                                       build/obj/chsem.o
                                                  build/obj/chmboxes.o
chSemSignal                                       build/obj/chsem.o
                                                  build/obj/testbmk.o
                                                  build/obj/testsem.o
chSemSignalI                                      build/obj/chsem.o
                                                  build/obj/testsem.o
                                                  build/obj/chmboxes.o
chSemSignalWait                                   build/obj/chsem.o
                                                  build/obj/testsem.o
chSemWait                                         build/obj/chsem.o
                                                  build/obj/testbmk.o
                                                  build/obj/testsem.o
chSemWaitS                                        build/obj/chsem.o
chSemWaitTimeout                                  build/obj/chsem.o
                                                  build/obj/testsem.o
chSemWaitTimeoutS                                 build/obj/chsem.o
                                                  build/obj/chmboxes.o
chSysInit                                         build/obj/chsys.o
                                                  build/obj/main.o
chSysTimerHandlerI                                build/obj/chsys.o
                                                  build/obj/chcore_v7m.o
chThdAddRef                                       build/obj/chdynamic.o
                                                  build/obj/testdyn.o
chThdCreateFromHeap                               build/obj/chdynamic.o
                                                  build/obj/testdyn.o
chThdCreateFromMemoryPool                         build/obj/chdynamic.o
                                                  build/obj/testdyn.o
chThdCreateI                                      build/obj/chthreads.o
                                                  build/obj/testthd.o
                                                  build/obj/chdynamic.o
chThdCreateStatic                                 build/obj/chthreads.o
                                                  build/obj/main.o
                                                  build/obj/testbmk.o
                                                  build/obj/testqueues.o
                                                  build/obj/testevt.o
                                                  build/obj/testmsg.o
                                                  build/obj/testmtx.o
                                                  build/obj/testsem.o
                                                  build/obj/testthd.o
                                                  build/obj/chsys.o
chThdExit                                         build/obj/chthreads.o
                                                  build/obj/chcore_v7m.o
chThdExitS                                        build/obj/chthreads.o
chThdRelease                                      build/obj/chdynamic.o
                                                  build/obj/testdyn.o
                                                  build/obj/chregistry.o
                                                  build/obj/chthreads.o
chThdResume                                       build/obj/chthreads.o
                                                  build/obj/testthd.o
chThdSetPriority                                  build/obj/chthreads.o
                                                  build/obj/testthd.o
chThdSleep                                        build/obj/chthreads.o
                                                  build/obj/main.o
                                                  build/obj/testbmk.o
                                                  build/obj/testdyn.o
                                                  build/obj/testevt.o
                                                  build/obj/testmtx.o
                                                  build/obj/testsem.o
                                                  build/obj/testthd.o
                                                  build/obj/test.o
chThdSleepUntil                                   build/obj/chthreads.o
                                                  build/obj/testthd.o
chThdTerminate                                    build/obj/chthreads.o
                                                  build/obj/test.o
chThdWait                                         build/obj/chthreads.o
                                                  build/obj/testbmk.o
                                                  build/obj/test.o
chThdYield                                        build/obj/chthreads.o
                                                  build/obj/testbmk.o
chVTResetI                                        build/obj/chvt.o
                                                  build/obj/testbmk.o
                                                  build/obj/chschd.o
chVTSetI                                          build/obj/chvt.o
                                                  build/obj/testbmk.o
                                                  build/obj/test.o
                                                  build/obj/chschd.o
ch_debug                                          build/obj/chregistry.o
                                                  build/obj/chsys.o
halInit                                           build/obj/hal.o
                                                  build/obj/main.o
halIsCounterWithin                                build/obj/hal.o
halPolledDelay                                    build/obj/hal.o
hal_lld_init                                      build/obj/hal_lld.o
                                                  build/obj/hal.o
main                                              build/obj/main.o
                                                  build/obj/crt0.o
nvicDisableVector                                 build/obj/nvic.o
                                                  build/obj/serial_lld.o
                                                  build/obj/pwm_lld.o
nvicEnableVector                                  build/obj/nvic.o
                                                  build/obj/serial_lld.o
                                                  build/obj/pwm_lld.o
nvicSetSystemHandlerPriority                      build/obj/nvic.o
                                                  build/obj/chcore_v7m.o
palReadBus                                        build/obj/pal.o
palSetBusMode                                     build/obj/pal.o
palWriteBus                                       build/obj/pal.o
pal_default_config                                build/obj/board.o
                                                  build/obj/hal.o
patternbmk                                        build/obj/testbmk.o
                                                  build/obj/test.o
patterndyn                                        build/obj/testdyn.o
                                                  build/obj/test.o
patternevt                                        build/obj/testevt.o
                                                  build/obj/test.o
patternheap                                       build/obj/testheap.o
                                                  build/obj/test.o
patternmbox                                       build/obj/testmbox.o
                                                  build/obj/test.o
patternmsg                                        build/obj/testmsg.o
                                                  build/obj/test.o
patternmtx                                        build/obj/testmtx.o
                                                  build/obj/test.o
patternpools                                      build/obj/testpools.o
                                                  build/obj/test.o
patternqueues                                     build/obj/testqueues.o
                                                  build/obj/test.o
patternsem                                        build/obj/testsem.o
                                                  build/obj/test.o
patternthd                                        build/obj/testthd.o
                                                  build/obj/test.o
port_halt                                         build/obj/chcore.o
pwmChangePeriod                                   build/obj/pwm.o
pwmDisableChannel                                 build/obj/pwm.o
pwmEnableChannel                                  build/obj/pwm.o
                                                  build/obj/main.o
pwmInit                                           build/obj/pwm.o
                                                  build/obj/hal.o
pwmObjectInit                                     build/obj/pwm.o
                                                  build/obj/pwm_lld.o
pwmStart                                          build/obj/pwm.o
                                                  build/obj/main.o
pwmStop                                           build/obj/pwm.o
pwm_lld_disable_channel                           build/obj/pwm_lld.o
                                                  build/obj/pwm.o
pwm_lld_enable_channel                            build/obj/pwm_lld.o
                                                  build/obj/pwm.o
pwm_lld_init                                      build/obj/pwm_lld.o
                                                  build/obj/pwm.o
pwm_lld_start                                     build/obj/pwm_lld.o
                                                  build/obj/pwm.o
pwm_lld_stop                                      build/obj/pwm_lld.o
                                                  build/obj/pwm.o
rlist                                             build/obj/chschd.o
                                                  build/obj/main.o
                                                  build/obj/testbmk.o
                                                  build/obj/testqueues.o
                                                  build/obj/testdyn.o
                                                  build/obj/testevt.o
                                                  build/obj/testmsg.o
                                                  build/obj/testmtx.o
                                                  build/obj/testsem.o
                                                  build/obj/testthd.o
                                                  build/obj/test.o
                                                  build/obj/chqueues.o
                                                  build/obj/chmsg.o
                                                  build/obj/chevents.o
                                                  build/obj/chcond.o
                                                  build/obj/chmtx.o
                                                  build/obj/chsem.o
                                                  build/obj/chregistry.o
                                                  build/obj/chthreads.o
                                                  build/obj/chsys.o
                                                  build/obj/chcore_v7m.o
sdIncomingDataI                                   build/obj/serial.o
                                                  build/obj/serial_lld.o
sdInit                                            build/obj/serial.o
                                                  build/obj/hal.o
sdObjectInit                                      build/obj/serial.o
                                                  build/obj/serial_lld.o
sdRequestDataI                                    build/obj/serial.o
sdStart                                           build/obj/serial.o
sdStop                                            build/obj/serial.o
sd_lld_init                                       build/obj/serial_lld.o
                                                  build/obj/serial.o
sd_lld_start                                      build/obj/serial_lld.o
                                                  build/obj/serial.o
sd_lld_stop                                       build/obj/serial_lld.o
                                                  build/obj/serial.o
stm32_clock_init                                  build/obj/hal_lld.o
                                                  build/obj/board.o
test                                              build/obj/test.o
                                                  build/obj/testqueues.o
                                                  build/obj/testdyn.o
                                                  build/obj/testheap.o
                                                  build/obj/testmbox.o
test_cpu_pulse                                    build/obj/test.o
                                                  build/obj/testmtx.o
test_emit_token                                   build/obj/test.o
                                                  build/obj/testqueues.o
                                                  build/obj/testdyn.o
                                                  build/obj/testevt.o
                                                  build/obj/testmbox.o
                                                  build/obj/testmsg.o
                                                  build/obj/testmtx.o
                                                  build/obj/testsem.o
                                                  build/obj/testthd.o
test_print                                        build/obj/test.o
                                                  build/obj/testbmk.o
test_println                                      build/obj/test.o
                                                  build/obj/testbmk.o
test_printn                                       build/obj/test.o
                                                  build/obj/testbmk.o
test_start_timer                                  build/obj/test.o
                                                  build/obj/testbmk.o
test_terminate_threads                            build/obj/test.o
                                                  build/obj/testbmk.o
test_timer_done                                   build/obj/test.o
                                                  build/obj/testbmk.o
test_wait_threads                                 build/obj/test.o
                                                  build/obj/testbmk.o
                                                  build/obj/testqueues.o
                                                  build/obj/testdyn.o
                                                  build/obj/testevt.o
                                                  build/obj/testmtx.o
                                                  build/obj/testsem.o
                                                  build/obj/testthd.o
test_wait_tick                                    build/obj/test.o
                                                  build/obj/testbmk.o
                                                  build/obj/testevt.o
                                                  build/obj/testmtx.o
                                                  build/obj/testsem.o
                                                  build/obj/testthd.o
testbmk1                                          build/obj/testbmk.o
testbmk10                                         build/obj/testbmk.o
testbmk11                                         build/obj/testbmk.o
testbmk12                                         build/obj/testbmk.o
testbmk13                                         build/obj/testbmk.o
testbmk2                                          build/obj/testbmk.o
testbmk3                                          build/obj/testbmk.o
testbmk4                                          build/obj/testbmk.o
testbmk5                                          build/obj/testbmk.o
testbmk6                                          build/obj/testbmk.o
testbmk7                                          build/obj/testbmk.o
testbmk8                                          build/obj/testbmk.o
testbmk9                                          build/obj/testbmk.o
testdyn1                                          build/obj/testdyn.o
testdyn2                                          build/obj/testdyn.o
testdyn3                                          build/obj/testdyn.o
testevt1                                          build/obj/testevt.o
testevt2                                          build/obj/testevt.o
testevt3                                          build/obj/testevt.o
testheap1                                         build/obj/testheap.o
testmbox1                                         build/obj/testmbox.o
testmsg1                                          build/obj/testmsg.o
testmtx1                                          build/obj/testmtx.o
testmtx2                                          build/obj/testmtx.o
testmtx3                                          build/obj/testmtx.o
testmtx4                                          build/obj/testmtx.o
testmtx5                                          build/obj/testmtx.o
testmtx6                                          build/obj/testmtx.o
testmtx7                                          build/obj/testmtx.o
testmtx8                                          build/obj/testmtx.o
testpools1                                        build/obj/testpools.o
testqueues1                                       build/obj/testqueues.o
testqueues2                                       build/obj/testqueues.o
testsem1                                          build/obj/testsem.o
testsem2                                          build/obj/testsem.o
testsem3                                          build/obj/testsem.o
testsem4                                          build/obj/testsem.o
testthd1                                          build/obj/testthd.o
testthd2                                          build/obj/testthd.o
testthd3                                          build/obj/testthd.o
testthd4                                          build/obj/testthd.o
thread4                                           build/obj/testbmk.o
threads                                           build/obj/test.o
                                                  build/obj/testbmk.o
                                                  build/obj/testqueues.o
                                                  build/obj/testdyn.o
                                                  build/obj/testevt.o
                                                  build/obj/testmsg.o
                                                  build/obj/testmtx.o
                                                  build/obj/testsem.o
                                                  build/obj/testthd.o
vtlist                                            build/obj/chvt.o
                                                  build/obj/testevt.o
                                                  build/obj/testmtx.o
                                                  build/obj/testsem.o
                                                  build/obj/testthd.o
                                                  build/obj/test.o
                                                  build/obj/chthreads.o
                                                  build/obj/chsys.o
wa                                                build/obj/test.o
                                                  build/obj/testbmk.o
                                                  build/obj/testqueues.o
                                                  build/obj/testdyn.o
                                                  build/obj/testpools.o
                                                  build/obj/testevt.o
                                                  build/obj/testmsg.o
                                                  build/obj/testmtx.o
                                                  build/obj/testsem.o
                                                  build/obj/testthd.o
